{"f":"./hello-world.warc.gz","o":907,"s":723,"rs":11,"ps":12,"l":"en","u":"http://iipc.github.io/warc-specifications/primers/web-archive-formats/hello-world.txt","c":"text/plain","ts":"2015-07-08T21:55:13Z","p":"Hello World\n"}
